Archive member included to satisfy reference by file (symbol)

c:/program files (x86)/atmel/studio/7.0/toolchain/avr8/avr8-gnu-toolchain/bin/../lib/gcc/avr/5.4.0/avr5\libgcc.a(_exit.o)
                              C:/Program Files (x86)/Atmel/Studio/7.0/Packs/atmel/ATmega_DFP/1.7.374/gcc/dev/atmega32/avr5/crtatmega32.o (exit)
c:/program files (x86)/atmel/studio/7.0/toolchain/avr8/avr8-gnu-toolchain/bin/../lib/gcc/avr/5.4.0/avr5\libgcc.a(_clear_bss.o)
                              APPLICATION/APP.o (__do_clear_bss)

Discarded input sections

 .data          0x00000000        0x0 C:/Program Files (x86)/Atmel/Studio/7.0/Packs/atmel/ATmega_DFP/1.7.374/gcc/dev/atmega32/avr5/crtatmega32.o
 .bss           0x00000000        0x0 C:/Program Files (x86)/Atmel/Studio/7.0/Packs/atmel/ATmega_DFP/1.7.374/gcc/dev/atmega32/avr5/crtatmega32.o
 .text          0x00000000        0x0 APPLICATION/APP.o
 .data          0x00000000        0x0 APPLICATION/APP.o
 .bss           0x00000000        0x0 APPLICATION/APP.o
 .text          0x00000000        0x0 HAL/EXTERNAL_INTERRUPT_MANAGER/EXTERNAL_INT_MANAGER.o
 .data          0x00000000        0x0 HAL/EXTERNAL_INTERRUPT_MANAGER/EXTERNAL_INT_MANAGER.o
 .bss           0x00000000        0x0 HAL/EXTERNAL_INTERRUPT_MANAGER/EXTERNAL_INT_MANAGER.o
 .text          0x00000000        0x0 HAL/LED/LED.o
 .data          0x00000000        0x0 HAL/LED/LED.o
 .bss           0x00000000        0x0 HAL/LED/LED.o
 .text          0x00000000        0x0 main.o
 .data          0x00000000        0x0 main.o
 .bss           0x00000000        0x0 main.o
 .text          0x00000000        0x0 MCAL/DIO DRIVER/DIO.o
 .data          0x00000000        0x0 MCAL/DIO DRIVER/DIO.o
 .bss           0x00000000        0x0 MCAL/DIO DRIVER/DIO.o
 .text.DIO_READ_PIN
                0x00000000       0xce MCAL/DIO DRIVER/DIO.o
 .text          0x00000000        0x0 MCAL/DIO DRIVER/dio_test.o
 .data          0x00000000        0x0 MCAL/DIO DRIVER/dio_test.o
 .bss           0x00000000        0x0 MCAL/DIO DRIVER/dio_test.o
 .debug_line    0x00000000        0x0 MCAL/DIO DRIVER/dio_test.o
 .debug_str     0x00000000      0x109 MCAL/DIO DRIVER/dio_test.o
 .comment       0x00000000       0x31 MCAL/DIO DRIVER/dio_test.o
 .text          0x00000000        0x0 MCAL/EXTERNAL_INTERRUPT/externalinterrupt_test.o
 .data          0x00000000        0x0 MCAL/EXTERNAL_INTERRUPT/externalinterrupt_test.o
 .bss           0x00000000        0x0 MCAL/EXTERNAL_INTERRUPT/externalinterrupt_test.o
 .debug_line    0x00000000        0x0 MCAL/EXTERNAL_INTERRUPT/externalinterrupt_test.o
 .debug_str     0x00000000      0x11f MCAL/EXTERNAL_INTERRUPT/externalinterrupt_test.o
 .comment       0x00000000       0x31 MCAL/EXTERNAL_INTERRUPT/externalinterrupt_test.o
 .text          0x00000000        0x0 MCAL/EXTERNAL_INTERRUPT/EXTERNAL_ONTERRUPT.o
 .data          0x00000000        0x0 MCAL/EXTERNAL_INTERRUPT/EXTERNAL_ONTERRUPT.o
 .bss           0x00000000        0x0 MCAL/EXTERNAL_INTERRUPT/EXTERNAL_ONTERRUPT.o
 .text          0x00000000        0x0 c:/program files (x86)/atmel/studio/7.0/toolchain/avr8/avr8-gnu-toolchain/bin/../lib/gcc/avr/5.4.0/avr5\libgcc.a(_exit.o)
 .data          0x00000000        0x0 c:/program files (x86)/atmel/studio/7.0/toolchain/avr8/avr8-gnu-toolchain/bin/../lib/gcc/avr/5.4.0/avr5\libgcc.a(_exit.o)
 .bss           0x00000000        0x0 c:/program files (x86)/atmel/studio/7.0/toolchain/avr8/avr8-gnu-toolchain/bin/../lib/gcc/avr/5.4.0/avr5\libgcc.a(_exit.o)
 .text.libgcc.mul
                0x00000000        0x0 c:/program files (x86)/atmel/studio/7.0/toolchain/avr8/avr8-gnu-toolchain/bin/../lib/gcc/avr/5.4.0/avr5\libgcc.a(_exit.o)
 .text.libgcc.div
                0x00000000        0x0 c:/program files (x86)/atmel/studio/7.0/toolchain/avr8/avr8-gnu-toolchain/bin/../lib/gcc/avr/5.4.0/avr5\libgcc.a(_exit.o)
 .text.libgcc   0x00000000        0x0 c:/program files (x86)/atmel/studio/7.0/toolchain/avr8/avr8-gnu-toolchain/bin/../lib/gcc/avr/5.4.0/avr5\libgcc.a(_exit.o)
 .text.libgcc.prologue
                0x00000000        0x0 c:/program files (x86)/atmel/studio/7.0/toolchain/avr8/avr8-gnu-toolchain/bin/../lib/gcc/avr/5.4.0/avr5\libgcc.a(_exit.o)
 .text.libgcc.builtins
                0x00000000        0x0 c:/program files (x86)/atmel/studio/7.0/toolchain/avr8/avr8-gnu-toolchain/bin/../lib/gcc/avr/5.4.0/avr5\libgcc.a(_exit.o)
 .text.libgcc.fmul
                0x00000000        0x0 c:/program files (x86)/atmel/studio/7.0/toolchain/avr8/avr8-gnu-toolchain/bin/../lib/gcc/avr/5.4.0/avr5\libgcc.a(_exit.o)
 .text.libgcc.fixed
                0x00000000        0x0 c:/program files (x86)/atmel/studio/7.0/toolchain/avr8/avr8-gnu-toolchain/bin/../lib/gcc/avr/5.4.0/avr5\libgcc.a(_exit.o)
 .text          0x00000000        0x0 c:/program files (x86)/atmel/studio/7.0/toolchain/avr8/avr8-gnu-toolchain/bin/../lib/gcc/avr/5.4.0/avr5\libgcc.a(_clear_bss.o)
 .data          0x00000000        0x0 c:/program files (x86)/atmel/studio/7.0/toolchain/avr8/avr8-gnu-toolchain/bin/../lib/gcc/avr/5.4.0/avr5\libgcc.a(_clear_bss.o)
 .bss           0x00000000        0x0 c:/program files (x86)/atmel/studio/7.0/toolchain/avr8/avr8-gnu-toolchain/bin/../lib/gcc/avr/5.4.0/avr5\libgcc.a(_clear_bss.o)
 .text.libgcc.mul
                0x00000000        0x0 c:/program files (x86)/atmel/studio/7.0/toolchain/avr8/avr8-gnu-toolchain/bin/../lib/gcc/avr/5.4.0/avr5\libgcc.a(_clear_bss.o)
 .text.libgcc.div
                0x00000000        0x0 c:/program files (x86)/atmel/studio/7.0/toolchain/avr8/avr8-gnu-toolchain/bin/../lib/gcc/avr/5.4.0/avr5\libgcc.a(_clear_bss.o)
 .text.libgcc   0x00000000        0x0 c:/program files (x86)/atmel/studio/7.0/toolchain/avr8/avr8-gnu-toolchain/bin/../lib/gcc/avr/5.4.0/avr5\libgcc.a(_clear_bss.o)
 .text.libgcc.prologue
                0x00000000        0x0 c:/program files (x86)/atmel/studio/7.0/toolchain/avr8/avr8-gnu-toolchain/bin/../lib/gcc/avr/5.4.0/avr5\libgcc.a(_clear_bss.o)
 .text.libgcc.builtins
                0x00000000        0x0 c:/program files (x86)/atmel/studio/7.0/toolchain/avr8/avr8-gnu-toolchain/bin/../lib/gcc/avr/5.4.0/avr5\libgcc.a(_clear_bss.o)
 .text.libgcc.fmul
                0x00000000        0x0 c:/program files (x86)/atmel/studio/7.0/toolchain/avr8/avr8-gnu-toolchain/bin/../lib/gcc/avr/5.4.0/avr5\libgcc.a(_clear_bss.o)
 .text.libgcc.fixed
                0x00000000        0x0 c:/program files (x86)/atmel/studio/7.0/toolchain/avr8/avr8-gnu-toolchain/bin/../lib/gcc/avr/5.4.0/avr5\libgcc.a(_clear_bss.o)

Memory Configuration

Name             Origin             Length             Attributes
text             0x00000000         0x00008000         xr
data             0x00800060         0x00000800         rw !x
eeprom           0x00810000         0x00000400         rw !x
fuse             0x00820000         0x00000002         rw !x
lock             0x00830000         0x00000400         rw !x
signature        0x00840000         0x00000400         rw !x
user_signatures  0x00850000         0x00000400         rw !x
*default*        0x00000000         0xffffffff

Linker script and memory map

LOAD C:/Program Files (x86)/Atmel/Studio/7.0/Packs/atmel/ATmega_DFP/1.7.374/gcc/dev/atmega32/avr5/crtatmega32.o
LOAD APPLICATION/APP.o
LOAD HAL/EXTERNAL_INTERRUPT_MANAGER/EXTERNAL_INT_MANAGER.o
LOAD HAL/LED/LED.o
LOAD main.o
LOAD MCAL/DIO DRIVER/DIO.o
LOAD MCAL/DIO DRIVER/dio_test.o
LOAD MCAL/EXTERNAL_INTERRUPT/externalinterrupt_test.o
LOAD MCAL/EXTERNAL_INTERRUPT/EXTERNAL_ONTERRUPT.o
START GROUP
LOAD c:/program files (x86)/atmel/studio/7.0/toolchain/avr8/avr8-gnu-toolchain/bin/../lib/gcc/avr/5.4.0/../../../../avr/lib/avr5\libm.a
END GROUP
START GROUP
LOAD c:/program files (x86)/atmel/studio/7.0/toolchain/avr8/avr8-gnu-toolchain/bin/../lib/gcc/avr/5.4.0/avr5\libgcc.a
LOAD c:/program files (x86)/atmel/studio/7.0/toolchain/avr8/avr8-gnu-toolchain/bin/../lib/gcc/avr/5.4.0/../../../../avr/lib/avr5\libm.a
LOAD c:/program files (x86)/atmel/studio/7.0/toolchain/avr8/avr8-gnu-toolchain/bin/../lib/gcc/avr/5.4.0/../../../../avr/lib/avr5\libc.a
LOAD C:/Program Files (x86)/Atmel/Studio/7.0/Packs/atmel/ATmega_DFP/1.7.374/gcc/dev/atmega32/avr5\libatmega32.a
END GROUP
                0x00000000                __TEXT_REGION_ORIGIN__ = DEFINED (__TEXT_REGION_ORIGIN__)?__TEXT_REGION_ORIGIN__:0x0
                [0x00800060]                __DATA_REGION_ORIGIN__ = DEFINED (__DATA_REGION_ORIGIN__)?__DATA_REGION_ORIGIN__:0x800060
                [0x00008000]                __TEXT_REGION_LENGTH__ = DEFINED (__TEXT_REGION_LENGTH__)?__TEXT_REGION_LENGTH__:0x20000
                [0x00000800]                __DATA_REGION_LENGTH__ = DEFINED (__DATA_REGION_LENGTH__)?__DATA_REGION_LENGTH__:0xffa0
                [0x00000400]                __EEPROM_REGION_LENGTH__ = DEFINED (__EEPROM_REGION_LENGTH__)?__EEPROM_REGION_LENGTH__:0x10000
                [0x00000002]                __FUSE_REGION_LENGTH__ = DEFINED (__FUSE_REGION_LENGTH__)?__FUSE_REGION_LENGTH__:0x400
                0x00000400                __LOCK_REGION_LENGTH__ = DEFINED (__LOCK_REGION_LENGTH__)?__LOCK_REGION_LENGTH__:0x400
                0x00000400                __SIGNATURE_REGION_LENGTH__ = DEFINED (__SIGNATURE_REGION_LENGTH__)?__SIGNATURE_REGION_LENGTH__:0x400
                0x00000400                __USER_SIGNATURE_REGION_LENGTH__ = DEFINED (__USER_SIGNATURE_REGION_LENGTH__)?__USER_SIGNATURE_REGION_LENGTH__:0x400

.hash
 *(.hash)

.dynsym
 *(.dynsym)

.dynstr
 *(.dynstr)

.gnu.version
 *(.gnu.version)

.gnu.version_d
 *(.gnu.version_d)

.gnu.version_r
 *(.gnu.version_r)

.rel.init
 *(.rel.init)

.rela.init
 *(.rela.init)

.rel.text
 *(.rel.text)
 *(.rel.text.*)
 *(.rel.gnu.linkonce.t*)

.rela.text
 *(.rela.text)
 *(.rela.text.*)
 *(.rela.gnu.linkonce.t*)

.rel.fini
 *(.rel.fini)

.rela.fini
 *(.rela.fini)

.rel.rodata
 *(.rel.rodata)
 *(.rel.rodata.*)
 *(.rel.gnu.linkonce.r*)

.rela.rodata
 *(.rela.rodata)
 *(.rela.rodata.*)
 *(.rela.gnu.linkonce.r*)

.rel.data
 *(.rel.data)
 *(.rel.data.*)
 *(.rel.gnu.linkonce.d*)

.rela.data
 *(.rela.data)
 *(.rela.data.*)
 *(.rela.gnu.linkonce.d*)

.rel.ctors
 *(.rel.ctors)

.rela.ctors
 *(.rela.ctors)

.rel.dtors
 *(.rel.dtors)

.rela.dtors
 *(.rela.dtors)

.rel.got
 *(.rel.got)

.rela.got
 *(.rela.got)

.rel.bss
 *(.rel.bss)

.rela.bss
 *(.rela.bss)

.rel.plt
 *(.rel.plt)

.rela.plt
 *(.rela.plt)

.text           0x00000000      0x64c
 *(.vectors)
 .vectors       0x00000000       0x54 C:/Program Files (x86)/Atmel/Studio/7.0/Packs/atmel/ATmega_DFP/1.7.374/gcc/dev/atmega32/avr5/crtatmega32.o
                0x00000000                __vector_default
                0x00000000                __vectors
 *(.vectors)
 *(.progmem.gcc*)
                0x00000054                . = ALIGN (0x2)
                0x00000054                __trampolines_start = .
 *(.trampolines)
 .trampolines   0x00000054        0x0 linker stubs
 *(.trampolines*)
                0x00000054                __trampolines_end = .
 *libprintf_flt.a:*(.progmem.data)
 *libc.a:*(.progmem.data)
 *(.progmem*)
                0x00000054                . = ALIGN (0x2)
 *(.jumptables)
 *(.jumptables*)
 *(.lowtext)
 *(.lowtext*)
                0x00000054                __ctors_start = .
 *(.ctors)
                0x00000054                __ctors_end = .
                0x00000054                __dtors_start = .
 *(.dtors)
                0x00000054                __dtors_end = .
 SORT(*)(.ctors)
 SORT(*)(.dtors)
 *(.init0)
 .init0         0x00000054        0x0 C:/Program Files (x86)/Atmel/Studio/7.0/Packs/atmel/ATmega_DFP/1.7.374/gcc/dev/atmega32/avr5/crtatmega32.o
                0x00000054                __init
 *(.init0)
 *(.init1)
 *(.init1)
 *(.init2)
 .init2         0x00000054        0xc C:/Program Files (x86)/Atmel/Studio/7.0/Packs/atmel/ATmega_DFP/1.7.374/gcc/dev/atmega32/avr5/crtatmega32.o
 *(.init2)
 *(.init3)
 *(.init3)
 *(.init4)
 .init4         0x00000060       0x10 c:/program files (x86)/atmel/studio/7.0/toolchain/avr8/avr8-gnu-toolchain/bin/../lib/gcc/avr/5.4.0/avr5\libgcc.a(_clear_bss.o)
                0x00000060                __do_clear_bss
 *(.init4)
 *(.init5)
 *(.init5)
 *(.init6)
 *(.init6)
 *(.init7)
 *(.init7)
 *(.init8)
 *(.init8)
 *(.init9)
 .init9         0x00000070        0x8 C:/Program Files (x86)/Atmel/Studio/7.0/Packs/atmel/ATmega_DFP/1.7.374/gcc/dev/atmega32/avr5/crtatmega32.o
 *(.init9)
 *(.text)
 .text          0x00000078        0x4 C:/Program Files (x86)/Atmel/Studio/7.0/Packs/atmel/ATmega_DFP/1.7.374/gcc/dev/atmega32/avr5/crtatmega32.o
                0x00000078                __vector_12
                0x00000078                __bad_interrupt
                0x00000078                __vector_6
                0x00000078                __vector_11
                0x00000078                __vector_13
                0x00000078                __vector_17
                0x00000078                __vector_19
                0x00000078                __vector_7
                0x00000078                __vector_5
                0x00000078                __vector_4
                0x00000078                __vector_9
                0x00000078                __vector_15
                0x00000078                __vector_8
                0x00000078                __vector_14
                0x00000078                __vector_10
                0x00000078                __vector_16
                0x00000078                __vector_18
                0x00000078                __vector_20
                0x0000007c                . = ALIGN (0x2)
 *(.text.*)
 .text.interrupt_func
                0x0000007c       0x1c APPLICATION/APP.o
                0x0000007c                interrupt_func
 .text.APP_INIT
                0x00000098       0x82 APPLICATION/APP.o
                0x00000098                APP_INIT
 .text.APP_START
                0x0000011a       0x90 APPLICATION/APP.o
                0x0000011a                APP_START
 .text.EXT_INT_HANDLER
                0x000001aa       0x62 HAL/EXTERNAL_INTERRUPT_MANAGER/EXTERNAL_INT_MANAGER.o
                0x000001aa                EXT_INT_HANDLER
 .text.LED_INIT
                0x0000020c       0x18 HAL/LED/LED.o
                0x0000020c                LED_INIT
 .text.LED_ON   0x00000224        0xa HAL/LED/LED.o
                0x00000224                LED_ON
 .text.LED_OFF  0x0000022e        0xa HAL/LED/LED.o
                0x0000022e                LED_OFF
 .text.main     0x00000238       0x14 main.o
                0x00000238                main
 .text.DIO_INIT
                0x0000024c      0x110 MCAL/DIO DRIVER/DIO.o
                0x0000024c                DIO_INIT
 .text.DIO_WRITE_PIN
                0x0000035c      0x110 MCAL/DIO DRIVER/DIO.o
                0x0000035c                DIO_WRITE_PIN
 .text.EDGE_SELECET
                0x0000046c       0x88 MCAL/EXTERNAL_INTERRUPT/EXTERNAL_ONTERRUPT.o
                0x0000046c                EDGE_SELECET
 .text.EXT_INTERRUPT_ENABLE
                0x000004f4       0x2e MCAL/EXTERNAL_INTERRUPT/EXTERNAL_ONTERRUPT.o
                0x000004f4                EXT_INTERRUPT_ENABLE
 .text.SETCALLBACK_FUN_INT0
                0x00000522       0x14 MCAL/EXTERNAL_INTERRUPT/EXTERNAL_ONTERRUPT.o
                0x00000522                SETCALLBACK_FUN_INT0
 .text.SETCALLBACK_FUN_INT1
                0x00000536       0x14 MCAL/EXTERNAL_INTERRUPT/EXTERNAL_ONTERRUPT.o
                0x00000536                SETCALLBACK_FUN_INT1
 .text.SETCALLBACK_FUN_INT2
                0x0000054a       0x14 MCAL/EXTERNAL_INTERRUPT/EXTERNAL_ONTERRUPT.o
                0x0000054a                SETCALLBACK_FUN_INT2
 .text.__vector_1
                0x0000055e       0x4e MCAL/EXTERNAL_INTERRUPT/EXTERNAL_ONTERRUPT.o
                0x0000055e                __vector_1
 .text.__vector_2
                0x000005ac       0x4e MCAL/EXTERNAL_INTERRUPT/EXTERNAL_ONTERRUPT.o
                0x000005ac                __vector_2
 .text.__vector_3
                0x000005fa       0x4e MCAL/EXTERNAL_INTERRUPT/EXTERNAL_ONTERRUPT.o
                0x000005fa                __vector_3
                0x00000648                . = ALIGN (0x2)
 *(.fini9)
 .fini9         0x00000648        0x0 c:/program files (x86)/atmel/studio/7.0/toolchain/avr8/avr8-gnu-toolchain/bin/../lib/gcc/avr/5.4.0/avr5\libgcc.a(_exit.o)
                0x00000648                _exit
                0x00000648                exit
 *(.fini9)
 *(.fini8)
 *(.fini8)
 *(.fini7)
 *(.fini7)
 *(.fini6)
 *(.fini6)
 *(.fini5)
 *(.fini5)
 *(.fini4)
 *(.fini4)
 *(.fini3)
 *(.fini3)
 *(.fini2)
 *(.fini2)
 *(.fini1)
 *(.fini1)
 *(.fini0)
 .fini0         0x00000648        0x4 c:/program files (x86)/atmel/studio/7.0/toolchain/avr8/avr8-gnu-toolchain/bin/../lib/gcc/avr/5.4.0/avr5\libgcc.a(_exit.o)
 *(.fini0)
                0x0000064c                _etext = .

.data           0x00800060        0x0 load address 0x0000064c
                [!provide]                PROVIDE (__data_start, .)
 *(.data)
 *(.data*)
 *(.gnu.linkonce.d*)
 *(.rodata)
 *(.rodata*)
 *(.gnu.linkonce.r*)
                0x00800060                . = ALIGN (0x2)
                0x00800060                _edata = .
                [!provide]                PROVIDE (__data_end, .)

.bss            0x00800060        0xb
                0x00800060                PROVIDE (__bss_start, .)
 *(.bss)
 *(.bss*)
 .bss.handler   0x00800060        0x4 APPLICATION/APP.o
 .bss.state     0x00800064        0x1 APPLICATION/APP.o
 .bss.callback_int2
                0x00800065        0x2 MCAL/EXTERNAL_INTERRUPT/EXTERNAL_ONTERRUPT.o
 .bss.callback_int1
                0x00800067        0x2 MCAL/EXTERNAL_INTERRUPT/EXTERNAL_ONTERRUPT.o
 .bss.callback_int0
                0x00800069        0x2 MCAL/EXTERNAL_INTERRUPT/EXTERNAL_ONTERRUPT.o
 *(COMMON)
                0x0080006b                PROVIDE (__bss_end, .)
                0x0000064c                __data_load_start = LOADADDR (.data)
                0x0000064c                __data_load_end = (__data_load_start + SIZEOF (.data))

.noinit         0x0080006b        0x0
                [!provide]                PROVIDE (__noinit_start, .)
 *(.noinit*)
                [!provide]                PROVIDE (__noinit_end, .)
                0x0080006b                _end = .
                [!provide]                PROVIDE (__heap_start, .)

.eeprom         0x00810000        0x0
 *(.eeprom*)
                0x00810000                __eeprom_end = .

.fuse
 *(.fuse)
 *(.lfuse)
 *(.hfuse)
 *(.efuse)

.lock
 *(.lock*)

.signature
 *(.signature*)

.user_signatures
 *(.user_signatures*)

.stab
 *(.stab)

.stabstr
 *(.stabstr)

.stab.excl
 *(.stab.excl)

.stab.exclstr
 *(.stab.exclstr)

.stab.index
 *(.stab.index)

.stab.indexstr
 *(.stab.indexstr)

.comment        0x00000000       0x30
 *(.comment)
 .comment       0x00000000       0x30 APPLICATION/APP.o
                                 0x31 (size before relaxing)
 .comment       0x00000030       0x31 HAL/EXTERNAL_INTERRUPT_MANAGER/EXTERNAL_INT_MANAGER.o
 .comment       0x00000030       0x31 HAL/LED/LED.o
 .comment       0x00000030       0x31 main.o
 .comment       0x00000030       0x31 MCAL/DIO DRIVER/DIO.o
 .comment       0x00000030       0x31 MCAL/EXTERNAL_INTERRUPT/EXTERNAL_ONTERRUPT.o

.note.gnu.avr.deviceinfo
                0x00000000       0x3c
 .note.gnu.avr.deviceinfo
                0x00000000       0x3c C:/Program Files (x86)/Atmel/Studio/7.0/Packs/atmel/ATmega_DFP/1.7.374/gcc/dev/atmega32/avr5/crtatmega32.o

.note.gnu.build-id
 *(.note.gnu.build-id)

.debug
 *(.debug)

.line
 *(.line)

.debug_srcinfo
 *(.debug_srcinfo)

.debug_sfnames
 *(.debug_sfnames)

.debug_aranges  0x00000000      0x128
 *(.debug_aranges)
 .debug_aranges
                0x00000000       0x30 APPLICATION/APP.o
 .debug_aranges
                0x00000030       0x20 HAL/EXTERNAL_INTERRUPT_MANAGER/EXTERNAL_INT_MANAGER.o
 .debug_aranges
                0x00000050       0x30 HAL/LED/LED.o
 .debug_aranges
                0x00000080       0x20 main.o
 .debug_aranges
                0x000000a0       0x30 MCAL/DIO DRIVER/DIO.o
 .debug_aranges
                0x000000d0       0x58 MCAL/EXTERNAL_INTERRUPT/EXTERNAL_ONTERRUPT.o

.debug_pubnames
 *(.debug_pubnames)

.debug_info     0x00000000     0x12ea
 *(.debug_info .gnu.linkonce.wi.*)
 .debug_info    0x00000000      0x4e6 C:/Program Files (x86)/Atmel/Studio/7.0/Packs/atmel/ATmega_DFP/1.7.374/gcc/dev/atmega32/avr5/crtatmega32.o
 .debug_info    0x000004e6      0x401 APPLICATION/APP.o
 .debug_info    0x000008e7      0x1db HAL/EXTERNAL_INTERRUPT_MANAGER/EXTERNAL_INT_MANAGER.o
 .debug_info    0x00000ac2      0x293 HAL/LED/LED.o
 .debug_info    0x00000d55       0xb4 main.o
 .debug_info    0x00000e09      0x258 MCAL/DIO DRIVER/DIO.o
 .debug_info    0x00001061      0x289 MCAL/EXTERNAL_INTERRUPT/EXTERNAL_ONTERRUPT.o

.debug_abbrev   0x00000000      0x9ec
 *(.debug_abbrev)
 .debug_abbrev  0x00000000      0x4a3 C:/Program Files (x86)/Atmel/Studio/7.0/Packs/atmel/ATmega_DFP/1.7.374/gcc/dev/atmega32/avr5/crtatmega32.o
 .debug_abbrev  0x000004a3      0x153 APPLICATION/APP.o
 .debug_abbrev  0x000005f6       0xd6 HAL/EXTERNAL_INTERRUPT_MANAGER/EXTERNAL_INT_MANAGER.o
 .debug_abbrev  0x000006cc      0x115 HAL/LED/LED.o
 .debug_abbrev  0x000007e1       0x88 main.o
 .debug_abbrev  0x00000869       0xb2 MCAL/DIO DRIVER/DIO.o
 .debug_abbrev  0x0000091b       0xd1 MCAL/EXTERNAL_INTERRUPT/EXTERNAL_ONTERRUPT.o

.debug_line     0x00000000      0xbe5
 *(.debug_line .debug_line.* .debug_line_end)
 .debug_line    0x00000000      0x116 C:/Program Files (x86)/Atmel/Studio/7.0/Packs/atmel/ATmega_DFP/1.7.374/gcc/dev/atmega32/avr5/crtatmega32.o
 .debug_line    0x00000116      0x286 APPLICATION/APP.o
 .debug_line    0x0000039c      0x18f HAL/EXTERNAL_INTERRUPT_MANAGER/EXTERNAL_INT_MANAGER.o
 .debug_line    0x0000052b      0x107 HAL/LED/LED.o
 .debug_line    0x00000632       0xba main.o
 .debug_line    0x000006ec      0x265 MCAL/DIO DRIVER/DIO.o
 .debug_line    0x00000951      0x294 MCAL/EXTERNAL_INTERRUPT/EXTERNAL_ONTERRUPT.o

.debug_frame    0x00000000      0x2a4
 *(.debug_frame)
 .debug_frame   0x00000000       0x5c APPLICATION/APP.o
 .debug_frame   0x0000005c       0x30 HAL/EXTERNAL_INTERRUPT_MANAGER/EXTERNAL_INT_MANAGER.o
 .debug_frame   0x0000008c       0x44 HAL/LED/LED.o
 .debug_frame   0x000000d0       0x24 main.o
 .debug_frame   0x000000f4       0x44 MCAL/DIO DRIVER/DIO.o
 .debug_frame   0x00000138      0x16c MCAL/EXTERNAL_INTERRUPT/EXTERNAL_ONTERRUPT.o

.debug_str      0x00000000      0x64e
 *(.debug_str)
 .debug_str     0x00000000      0x196 C:/Program Files (x86)/Atmel/Studio/7.0/Packs/atmel/ATmega_DFP/1.7.374/gcc/dev/atmega32/avr5/crtatmega32.o
 .debug_str     0x00000196      0x2aa APPLICATION/APP.o
                                0x2c5 (size before relaxing)
 .debug_str     0x00000440       0x9a HAL/EXTERNAL_INTERRUPT_MANAGER/EXTERNAL_INT_MANAGER.o
                                0x296 (size before relaxing)
 .debug_str     0x000004da       0x52 HAL/LED/LED.o
                                0x232 (size before relaxing)
 .debug_str     0x0000052c       0x11 main.o
                                0x18c (size before relaxing)
 .debug_str     0x0000053d       0x76 MCAL/DIO DRIVER/DIO.o
                                0x219 (size before relaxing)
 .debug_str     0x000005b3       0x9b MCAL/EXTERNAL_INTERRUPT/EXTERNAL_ONTERRUPT.o
                                0x2b1 (size before relaxing)

.debug_loc      0x00000000      0xadc
 *(.debug_loc)
 .debug_loc     0x00000000       0x7e APPLICATION/APP.o
 .debug_loc     0x0000007e       0xb2 HAL/EXTERNAL_INTERRUPT_MANAGER/EXTERNAL_INT_MANAGER.o
 .debug_loc     0x00000130       0xf7 HAL/LED/LED.o
 .debug_loc     0x00000227      0x37c MCAL/DIO DRIVER/DIO.o
 .debug_loc     0x000005a3      0x539 MCAL/EXTERNAL_INTERRUPT/EXTERNAL_ONTERRUPT.o

.debug_macinfo
 *(.debug_macinfo)

.debug_weaknames
 *(.debug_weaknames)

.debug_funcnames
 *(.debug_funcnames)

.debug_typenames
 *(.debug_typenames)

.debug_varnames
 *(.debug_varnames)

.debug_pubtypes
 *(.debug_pubtypes)

.debug_ranges   0x00000000       0xc8
 *(.debug_ranges)
 .debug_ranges  0x00000000       0x20 APPLICATION/APP.o
 .debug_ranges  0x00000020       0x10 HAL/EXTERNAL_INTERRUPT_MANAGER/EXTERNAL_INT_MANAGER.o
 .debug_ranges  0x00000030       0x20 HAL/LED/LED.o
 .debug_ranges  0x00000050       0x10 main.o
 .debug_ranges  0x00000060       0x20 MCAL/DIO DRIVER/DIO.o
 .debug_ranges  0x00000080       0x48 MCAL/EXTERNAL_INTERRUPT/EXTERNAL_ONTERRUPT.o

.debug_macro
 *(.debug_macro)
OUTPUT(LED_Sequence_v2.0.elf elf32-avr)
LOAD linker stubs
