Archive member included to satisfy reference by file (symbol)

c:/program files (x86)/atmel/studio/7.0/toolchain/avr8/avr8-gnu-toolchain/bin/../lib/gcc/avr/5.4.0/avr5\libgcc.a(_exit.o)
                              C:/Program Files (x86)/Atmel/Studio/7.0/Packs/atmel/ATmega_DFP/1.7.374/gcc/dev/atmega32/avr5/crtatmega32.o (exit)
c:/program files (x86)/atmel/studio/7.0/toolchain/avr8/avr8-gnu-toolchain/bin/../lib/gcc/avr/5.4.0/avr5\libgcc.a(_clear_bss.o)
                              APPLICATION/APP.o (__do_clear_bss)

Discarded input sections

 .data          0x00000000        0x0 C:/Program Files (x86)/Atmel/Studio/7.0/Packs/atmel/ATmega_DFP/1.7.374/gcc/dev/atmega32/avr5/crtatmega32.o
 .bss           0x00000000        0x0 C:/Program Files (x86)/Atmel/Studio/7.0/Packs/atmel/ATmega_DFP/1.7.374/gcc/dev/atmega32/avr5/crtatmega32.o
 .text          0x00000000        0x0 APPLICATION/APP.o
 .data          0x00000000        0x0 APPLICATION/APP.o
 .bss           0x00000000        0x0 APPLICATION/APP.o
 .text          0x00000000        0x0 HAL/EXTERNAL_INTERRUPT_MANAGER/EXTERNAL_INT_MANAGER.o
 .data          0x00000000        0x0 HAL/EXTERNAL_INTERRUPT_MANAGER/EXTERNAL_INT_MANAGER.o
 .bss           0x00000000        0x0 HAL/EXTERNAL_INTERRUPT_MANAGER/EXTERNAL_INT_MANAGER.o
 .text          0x00000000        0x0 HAL/LED/LED.o
 .data          0x00000000        0x0 HAL/LED/LED.o
 .bss           0x00000000        0x0 HAL/LED/LED.o
 .text          0x00000000        0x0 HAL/TIMER MANAGER/timermanager_test.o
 .data          0x00000000        0x0 HAL/TIMER MANAGER/timermanager_test.o
 .bss           0x00000000        0x0 HAL/TIMER MANAGER/timermanager_test.o
 .debug_line    0x00000000        0x0 HAL/TIMER MANAGER/timermanager_test.o
 .debug_str     0x00000000      0x114 HAL/TIMER MANAGER/timermanager_test.o
 .comment       0x00000000       0x31 HAL/TIMER MANAGER/timermanager_test.o
 .text          0x00000000        0x0 HAL/TIMER MANAGER/timer_manager.o
 .data          0x00000000        0x0 HAL/TIMER MANAGER/timer_manager.o
 .bss           0x00000000        0x0 HAL/TIMER MANAGER/timer_manager.o
 .text.TIMER_MANAGER_STO
                0x00000000        0x6 HAL/TIMER MANAGER/timer_manager.o
 .text          0x00000000        0x0 main.o
 .data          0x00000000        0x0 main.o
 .bss           0x00000000        0x0 main.o
 .text          0x00000000        0x0 MCAL/DIO DRIVER/DIO.o
 .data          0x00000000        0x0 MCAL/DIO DRIVER/DIO.o
 .bss           0x00000000        0x0 MCAL/DIO DRIVER/DIO.o
 .text.DIO_READ_PIN
                0x00000000       0xce MCAL/DIO DRIVER/DIO.o
 .text          0x00000000        0x0 MCAL/EXTERNAL INTERRUPT/EXTERNAL_INTERRUPT.o
 .data          0x00000000        0x0 MCAL/EXTERNAL INTERRUPT/EXTERNAL_INTERRUPT.o
 .bss           0x00000000        0x0 MCAL/EXTERNAL INTERRUPT/EXTERNAL_INTERRUPT.o
 .text          0x00000000        0x0 MCAL/TIMER/TIMER.o
 .data          0x00000000        0x0 MCAL/TIMER/TIMER.o
 .bss           0x00000000        0x0 MCAL/TIMER/TIMER.o
 .text.TIMER_STOP
                0x00000000       0x14 MCAL/TIMER/TIMER.o
 .text          0x00000000        0x0 MCAL/TIMER/timertest.o
 .data          0x00000000        0x0 MCAL/TIMER/timertest.o
 .bss           0x00000000        0x0 MCAL/TIMER/timertest.o
 .debug_line    0x00000000        0x0 MCAL/TIMER/timertest.o
 .debug_str     0x00000000      0x105 MCAL/TIMER/timertest.o
 .comment       0x00000000       0x31 MCAL/TIMER/timertest.o
 .text          0x00000000        0x0 c:/program files (x86)/atmel/studio/7.0/toolchain/avr8/avr8-gnu-toolchain/bin/../lib/gcc/avr/5.4.0/avr5\libgcc.a(_exit.o)
 .data          0x00000000        0x0 c:/program files (x86)/atmel/studio/7.0/toolchain/avr8/avr8-gnu-toolchain/bin/../lib/gcc/avr/5.4.0/avr5\libgcc.a(_exit.o)
 .bss           0x00000000        0x0 c:/program files (x86)/atmel/studio/7.0/toolchain/avr8/avr8-gnu-toolchain/bin/../lib/gcc/avr/5.4.0/avr5\libgcc.a(_exit.o)
 .text.libgcc.mul
                0x00000000        0x0 c:/program files (x86)/atmel/studio/7.0/toolchain/avr8/avr8-gnu-toolchain/bin/../lib/gcc/avr/5.4.0/avr5\libgcc.a(_exit.o)
 .text.libgcc.div
                0x00000000        0x0 c:/program files (x86)/atmel/studio/7.0/toolchain/avr8/avr8-gnu-toolchain/bin/../lib/gcc/avr/5.4.0/avr5\libgcc.a(_exit.o)
 .text.libgcc   0x00000000        0x0 c:/program files (x86)/atmel/studio/7.0/toolchain/avr8/avr8-gnu-toolchain/bin/../lib/gcc/avr/5.4.0/avr5\libgcc.a(_exit.o)
 .text.libgcc.prologue
                0x00000000        0x0 c:/program files (x86)/atmel/studio/7.0/toolchain/avr8/avr8-gnu-toolchain/bin/../lib/gcc/avr/5.4.0/avr5\libgcc.a(_exit.o)
 .text.libgcc.builtins
                0x00000000        0x0 c:/program files (x86)/atmel/studio/7.0/toolchain/avr8/avr8-gnu-toolchain/bin/../lib/gcc/avr/5.4.0/avr5\libgcc.a(_exit.o)
 .text.libgcc.fmul
                0x00000000        0x0 c:/program files (x86)/atmel/studio/7.0/toolchain/avr8/avr8-gnu-toolchain/bin/../lib/gcc/avr/5.4.0/avr5\libgcc.a(_exit.o)
 .text.libgcc.fixed
                0x00000000        0x0 c:/program files (x86)/atmel/studio/7.0/toolchain/avr8/avr8-gnu-toolchain/bin/../lib/gcc/avr/5.4.0/avr5\libgcc.a(_exit.o)
 .text          0x00000000        0x0 c:/program files (x86)/atmel/studio/7.0/toolchain/avr8/avr8-gnu-toolchain/bin/../lib/gcc/avr/5.4.0/avr5\libgcc.a(_clear_bss.o)
 .data          0x00000000        0x0 c:/program files (x86)/atmel/studio/7.0/toolchain/avr8/avr8-gnu-toolchain/bin/../lib/gcc/avr/5.4.0/avr5\libgcc.a(_clear_bss.o)
 .bss           0x00000000        0x0 c:/program files (x86)/atmel/studio/7.0/toolchain/avr8/avr8-gnu-toolchain/bin/../lib/gcc/avr/5.4.0/avr5\libgcc.a(_clear_bss.o)
 .text.libgcc.mul
                0x00000000        0x0 c:/program files (x86)/atmel/studio/7.0/toolchain/avr8/avr8-gnu-toolchain/bin/../lib/gcc/avr/5.4.0/avr5\libgcc.a(_clear_bss.o)
 .text.libgcc.div
                0x00000000        0x0 c:/program files (x86)/atmel/studio/7.0/toolchain/avr8/avr8-gnu-toolchain/bin/../lib/gcc/avr/5.4.0/avr5\libgcc.a(_clear_bss.o)
 .text.libgcc   0x00000000        0x0 c:/program files (x86)/atmel/studio/7.0/toolchain/avr8/avr8-gnu-toolchain/bin/../lib/gcc/avr/5.4.0/avr5\libgcc.a(_clear_bss.o)
 .text.libgcc.prologue
                0x00000000        0x0 c:/program files (x86)/atmel/studio/7.0/toolchain/avr8/avr8-gnu-toolchain/bin/../lib/gcc/avr/5.4.0/avr5\libgcc.a(_clear_bss.o)
 .text.libgcc.builtins
                0x00000000        0x0 c:/program files (x86)/atmel/studio/7.0/toolchain/avr8/avr8-gnu-toolchain/bin/../lib/gcc/avr/5.4.0/avr5\libgcc.a(_clear_bss.o)
 .text.libgcc.fmul
                0x00000000        0x0 c:/program files (x86)/atmel/studio/7.0/toolchain/avr8/avr8-gnu-toolchain/bin/../lib/gcc/avr/5.4.0/avr5\libgcc.a(_clear_bss.o)
 .text.libgcc.fixed
                0x00000000        0x0 c:/program files (x86)/atmel/studio/7.0/toolchain/avr8/avr8-gnu-toolchain/bin/../lib/gcc/avr/5.4.0/avr5\libgcc.a(_clear_bss.o)

Memory Configuration

Name             Origin             Length             Attributes
text             0x00000000         0x00008000         xr
data             0x00800060         0x00000800         rw !x
eeprom           0x00810000         0x00000400         rw !x
fuse             0x00820000         0x00000002         rw !x
lock             0x00830000         0x00000400         rw !x
signature        0x00840000         0x00000400         rw !x
user_signatures  0x00850000         0x00000400         rw !x
*default*        0x00000000         0xffffffff

Linker script and memory map

LOAD C:/Program Files (x86)/Atmel/Studio/7.0/Packs/atmel/ATmega_DFP/1.7.374/gcc/dev/atmega32/avr5/crtatmega32.o
LOAD APPLICATION/APP.o
LOAD HAL/EXTERNAL_INTERRUPT_MANAGER/EXTERNAL_INT_MANAGER.o
LOAD HAL/LED/LED.o
LOAD HAL/TIMER MANAGER/timermanager_test.o
LOAD HAL/TIMER MANAGER/timer_manager.o
LOAD main.o
LOAD MCAL/DIO DRIVER/DIO.o
LOAD MCAL/EXTERNAL INTERRUPT/EXTERNAL_INTERRUPT.o
LOAD MCAL/TIMER/TIMER.o
LOAD MCAL/TIMER/timertest.o
START GROUP
END GROUP
START GROUP
LOAD c:/program files (x86)/atmel/studio/7.0/toolchain/avr8/avr8-gnu-toolchain/bin/../lib/gcc/avr/5.4.0/avr5\libgcc.a
LOAD c:/program files (x86)/atmel/studio/7.0/toolchain/avr8/avr8-gnu-toolchain/bin/../lib/gcc/avr/5.4.0/../../../../avr/lib/avr5\libm.a
LOAD c:/program files (x86)/atmel/studio/7.0/toolchain/avr8/avr8-gnu-toolchain/bin/../lib/gcc/avr/5.4.0/../../../../avr/lib/avr5\libc.a
LOAD C:/Program Files (x86)/Atmel/Studio/7.0/Packs/atmel/ATmega_DFP/1.7.374/gcc/dev/atmega32/avr5\libatmega32.a
END GROUP
                0x00000000                __TEXT_REGION_ORIGIN__ = DEFINED (__TEXT_REGION_ORIGIN__)?__TEXT_REGION_ORIGIN__:0x0
                [0x00800060]                __DATA_REGION_ORIGIN__ = DEFINED (__DATA_REGION_ORIGIN__)?__DATA_REGION_ORIGIN__:0x800060
                [0x00008000]                __TEXT_REGION_LENGTH__ = DEFINED (__TEXT_REGION_LENGTH__)?__TEXT_REGION_LENGTH__:0x20000
                [0x00000800]                __DATA_REGION_LENGTH__ = DEFINED (__DATA_REGION_LENGTH__)?__DATA_REGION_LENGTH__:0xffa0
                [0x00000400]                __EEPROM_REGION_LENGTH__ = DEFINED (__EEPROM_REGION_LENGTH__)?__EEPROM_REGION_LENGTH__:0x10000
                [0x00000002]                __FUSE_REGION_LENGTH__ = DEFINED (__FUSE_REGION_LENGTH__)?__FUSE_REGION_LENGTH__:0x400
                0x00000400                __LOCK_REGION_LENGTH__ = DEFINED (__LOCK_REGION_LENGTH__)?__LOCK_REGION_LENGTH__:0x400
                0x00000400                __SIGNATURE_REGION_LENGTH__ = DEFINED (__SIGNATURE_REGION_LENGTH__)?__SIGNATURE_REGION_LENGTH__:0x400
                0x00000400                __USER_SIGNATURE_REGION_LENGTH__ = DEFINED (__USER_SIGNATURE_REGION_LENGTH__)?__USER_SIGNATURE_REGION_LENGTH__:0x400

.hash
 *(.hash)

.dynsym
 *(.dynsym)

.dynstr
 *(.dynstr)

.gnu.version
 *(.gnu.version)

.gnu.version_d
 *(.gnu.version_d)

.gnu.version_r
 *(.gnu.version_r)

.rel.init
 *(.rel.init)

.rela.init
 *(.rela.init)

.rel.text
 *(.rel.text)
 *(.rel.text.*)
 *(.rel.gnu.linkonce.t*)

.rela.text
 *(.rela.text)
 *(.rela.text.*)
 *(.rela.gnu.linkonce.t*)

.rel.fini
 *(.rel.fini)

.rela.fini
 *(.rela.fini)

.rel.rodata
 *(.rel.rodata)
 *(.rel.rodata.*)
 *(.rel.gnu.linkonce.r*)

.rela.rodata
 *(.rela.rodata)
 *(.rela.rodata.*)
 *(.rela.gnu.linkonce.r*)

.rel.data
 *(.rel.data)
 *(.rel.data.*)
 *(.rel.gnu.linkonce.d*)

.rela.data
 *(.rela.data)
 *(.rela.data.*)
 *(.rela.gnu.linkonce.d*)

.rel.ctors
 *(.rel.ctors)

.rela.ctors
 *(.rela.ctors)

.rel.dtors
 *(.rel.dtors)

.rela.dtors
 *(.rela.dtors)

.rel.got
 *(.rel.got)

.rela.got
 *(.rela.got)

.rel.bss
 *(.rel.bss)

.rela.bss
 *(.rela.bss)

.rel.plt
 *(.rel.plt)

.rela.plt
 *(.rela.plt)

.text           0x00000000     0x146c
 *(.vectors)
 .vectors       0x00000000       0x54 C:/Program Files (x86)/Atmel/Studio/7.0/Packs/atmel/ATmega_DFP/1.7.374/gcc/dev/atmega32/avr5/crtatmega32.o
                0x00000000                __vector_default
                0x00000000                __vectors
 *(.vectors)
 *(.progmem.gcc*)
                0x00000054                . = ALIGN (0x2)
                0x00000054                __trampolines_start = .
 *(.trampolines)
 .trampolines   0x00000054        0x0 linker stubs
 *(.trampolines*)
                0x00000054                __trampolines_end = .
 *libprintf_flt.a:*(.progmem.data)
 *libc.a:*(.progmem.data)
 *(.progmem*)
                0x00000054                . = ALIGN (0x2)
 *(.jumptables)
 *(.jumptables*)
 *(.lowtext)
 *(.lowtext*)
                0x00000054                __ctors_start = .
 *(.ctors)
                0x00000054                __ctors_end = .
                0x00000054                __dtors_start = .
 *(.dtors)
                0x00000054                __dtors_end = .
 SORT(*)(.ctors)
 SORT(*)(.dtors)
 *(.init0)
 .init0         0x00000054        0x0 C:/Program Files (x86)/Atmel/Studio/7.0/Packs/atmel/ATmega_DFP/1.7.374/gcc/dev/atmega32/avr5/crtatmega32.o
                0x00000054                __init
 *(.init0)
 *(.init1)
 *(.init1)
 *(.init2)
 .init2         0x00000054        0xc C:/Program Files (x86)/Atmel/Studio/7.0/Packs/atmel/ATmega_DFP/1.7.374/gcc/dev/atmega32/avr5/crtatmega32.o
 *(.init2)
 *(.init3)
 *(.init3)
 *(.init4)
 .init4         0x00000060       0x10 c:/program files (x86)/atmel/studio/7.0/toolchain/avr8/avr8-gnu-toolchain/bin/../lib/gcc/avr/5.4.0/avr5\libgcc.a(_clear_bss.o)
                0x00000060                __do_clear_bss
 *(.init4)
 *(.init5)
 *(.init5)
 *(.init6)
 *(.init6)
 *(.init7)
 *(.init7)
 *(.init8)
 *(.init8)
 *(.init9)
 .init9         0x00000070        0x8 C:/Program Files (x86)/Atmel/Studio/7.0/Packs/atmel/ATmega_DFP/1.7.374/gcc/dev/atmega32/avr5/crtatmega32.o
 *(.init9)
 *(.text)
 .text          0x00000078        0x4 C:/Program Files (x86)/Atmel/Studio/7.0/Packs/atmel/ATmega_DFP/1.7.374/gcc/dev/atmega32/avr5/crtatmega32.o
                0x00000078                __vector_12
                0x00000078                __bad_interrupt
                0x00000078                __vector_6
                0x00000078                __vector_13
                0x00000078                __vector_17
                0x00000078                __vector_19
                0x00000078                __vector_7
                0x00000078                __vector_5
                0x00000078                __vector_4
                0x00000078                __vector_9
                0x00000078                __vector_15
                0x00000078                __vector_8
                0x00000078                __vector_14
                0x00000078                __vector_16
                0x00000078                __vector_18
                0x00000078                __vector_20
                0x0000007c                . = ALIGN (0x2)
 *(.text.*)
 .text.INT1_func
                0x0000007c       0x1e APPLICATION/APP.o
                0x0000007c                INT1_func
 .text.timer_comp
                0x0000009a       0x18 APPLICATION/APP.o
                0x0000009a                timer_comp
 .text.INT0_func
                0x000000b2       0x38 APPLICATION/APP.o
                0x000000b2                INT0_func
 .text.APP_INIT
                0x000000ea       0xbe APPLICATION/APP.o
                0x000000ea                APP_INIT
 .text.APP_START
                0x000001a8      0xbec APPLICATION/APP.o
                0x000001a8                APP_START
 .text.EXT_INT_HANDLER
                0x00000d94       0x62 HAL/EXTERNAL_INTERRUPT_MANAGER/EXTERNAL_INT_MANAGER.o
                0x00000d94                EXT_INT_HANDLER
 .text.LED_INIT
                0x00000df6       0x18 HAL/LED/LED.o
                0x00000df6                LED_INIT
 .text.LED_ON   0x00000e0e        0xa HAL/LED/LED.o
                0x00000e0e                LED_ON
 .text.LED_OFF  0x00000e18        0xa HAL/LED/LED.o
                0x00000e18                LED_OFF
 .text.TIMER_MANAGER_CFG
                0x00000e22       0x9a HAL/TIMER MANAGER/timer_manager.o
                0x00000e22                TIMER_MANAGER_CFG
 .text.TIMER_MANAGER_STA
                0x00000ebc        0x6 HAL/TIMER MANAGER/timer_manager.o
                0x00000ebc                TIMER_MANAGER_STA
 .text.main     0x00000ec2       0x14 main.o
                0x00000ec2                main
 .text.DIO_INIT
                0x00000ed6      0x110 MCAL/DIO DRIVER/DIO.o
                0x00000ed6                DIO_INIT
 .text.DIO_WRITE_PIN
                0x00000fe6      0x110 MCAL/DIO DRIVER/DIO.o
                0x00000fe6                DIO_WRITE_PIN
 .text.EDGE_SELECET
                0x000010f6       0x88 MCAL/EXTERNAL INTERRUPT/EXTERNAL_INTERRUPT.o
                0x000010f6                EDGE_SELECET
 .text.EXT_INTERRUPT_ENABLE
                0x0000117e       0x2e MCAL/EXTERNAL INTERRUPT/EXTERNAL_INTERRUPT.o
                0x0000117e                EXT_INTERRUPT_ENABLE
 .text.SETCALLBACK_FUN_INT0
                0x000011ac       0x14 MCAL/EXTERNAL INTERRUPT/EXTERNAL_INTERRUPT.o
                0x000011ac                SETCALLBACK_FUN_INT0
 .text.SETCALLBACK_FUN_INT1
                0x000011c0       0x14 MCAL/EXTERNAL INTERRUPT/EXTERNAL_INTERRUPT.o
                0x000011c0                SETCALLBACK_FUN_INT1
 .text.SETCALLBACK_FUN_INT2
                0x000011d4       0x14 MCAL/EXTERNAL INTERRUPT/EXTERNAL_INTERRUPT.o
                0x000011d4                SETCALLBACK_FUN_INT2
 .text.__vector_1
                0x000011e8       0x4e MCAL/EXTERNAL INTERRUPT/EXTERNAL_INTERRUPT.o
                0x000011e8                __vector_1
 .text.__vector_2
                0x00001236       0x4e MCAL/EXTERNAL INTERRUPT/EXTERNAL_INTERRUPT.o
                0x00001236                __vector_2
 .text.__vector_3
                0x00001284       0x4e MCAL/EXTERNAL INTERRUPT/EXTERNAL_INTERRUPT.o
                0x00001284                __vector_3
 .text.TIMER_INIT
                0x000012d2       0x54 MCAL/TIMER/TIMER.o
                0x000012d2                TIMER_INIT
 .text.TIMER_START
                0x00001326       0x56 MCAL/TIMER/TIMER.o
                0x00001326                TIMER_START
 .text.TIMER_OVF_INT_ENABLE
                0x0000137c        0x8 MCAL/TIMER/TIMER.o
                0x0000137c                TIMER_OVF_INT_ENABLE
 .text.TIMER_OVF_INT_DISABLE
                0x00001384        0x8 MCAL/TIMER/TIMER.o
                0x00001384                TIMER_OVF_INT_DISABLE
 .text.TIMER_COMP_INT_ENABLE
                0x0000138c        0x8 MCAL/TIMER/TIMER.o
                0x0000138c                TIMER_COMP_INT_ENABLE
 .text.TIMER_COMP_INT_DISABLE
                0x00001394        0x8 MCAL/TIMER/TIMER.o
                0x00001394                TIMER_COMP_INT_DISABLE
 .text.OVF_VALUE
                0x0000139c        0x4 MCAL/TIMER/TIMER.o
                0x0000139c                OVF_VALUE
 .text.COMP_VALUE
                0x000013a0        0x4 MCAL/TIMER/TIMER.o
                0x000013a0                COMP_VALUE
 .text.TIMER_OVF_CALLBACK
                0x000013a4       0x14 MCAL/TIMER/TIMER.o
                0x000013a4                TIMER_OVF_CALLBACK
 .text.TIMER_COMP_CALLBACK
                0x000013b8       0x14 MCAL/TIMER/TIMER.o
                0x000013b8                TIMER_COMP_CALLBACK
 .text.__vector_11
                0x000013cc       0x4e MCAL/TIMER/TIMER.o
                0x000013cc                __vector_11
 .text.__vector_10
                0x0000141a       0x4e MCAL/TIMER/TIMER.o
                0x0000141a                __vector_10
                0x00001468                . = ALIGN (0x2)
 *(.fini9)
 .fini9         0x00001468        0x0 c:/program files (x86)/atmel/studio/7.0/toolchain/avr8/avr8-gnu-toolchain/bin/../lib/gcc/avr/5.4.0/avr5\libgcc.a(_exit.o)
                0x00001468                _exit
                0x00001468                exit
 *(.fini9)
 *(.fini8)
 *(.fini8)
 *(.fini7)
 *(.fini7)
 *(.fini6)
 *(.fini6)
 *(.fini5)
 *(.fini5)
 *(.fini4)
 *(.fini4)
 *(.fini3)
 *(.fini3)
 *(.fini2)
 *(.fini2)
 *(.fini1)
 *(.fini1)
 *(.fini0)
 .fini0         0x00001468        0x4 c:/program files (x86)/atmel/studio/7.0/toolchain/avr8/avr8-gnu-toolchain/bin/../lib/gcc/avr/5.4.0/avr5\libgcc.a(_exit.o)
 *(.fini0)
                0x0000146c                _etext = .

.data           0x00800060        0x0 load address 0x0000146c
                [!provide]                PROVIDE (__data_start, .)
 *(.data)
 *(.data*)
 *(.gnu.linkonce.d*)
 *(.rodata)
 *(.rodata*)
 *(.gnu.linkonce.r*)
                0x00800060                . = ALIGN (0x2)
                0x00800060                _edata = .
                [!provide]                PROVIDE (__data_end, .)

.bss            0x00800060       0x1a
                0x00800060                PROVIDE (__bss_start, .)
 *(.bss)
 *(.bss*)
 .bss.timer     0x00800060        0x5 APPLICATION/APP.o
 .bss.hanlder_2
                0x00800065        0x4 APPLICATION/APP.o
 .bss.hanlder_1
                0x00800069        0x4 APPLICATION/APP.o
 .bss.blink_state
                0x0080006d        0x1 APPLICATION/APP.o
 .bss.state     0x0080006e        0x1 APPLICATION/APP.o
 .bss.ovf       0x0080006f        0x1 APPLICATION/APP.o
 .bss.callback_int2
                0x00800070        0x2 MCAL/EXTERNAL INTERRUPT/EXTERNAL_INTERRUPT.o
 .bss.callback_int1
                0x00800072        0x2 MCAL/EXTERNAL INTERRUPT/EXTERNAL_INTERRUPT.o
 .bss.callback_int0
                0x00800074        0x2 MCAL/EXTERNAL INTERRUPT/EXTERNAL_INTERRUPT.o
 .bss.timer_comp_callbackptr
                0x00800076        0x2 MCAL/TIMER/TIMER.o
 .bss.timer_ovf_callbackptr
                0x00800078        0x2 MCAL/TIMER/TIMER.o
 *(COMMON)
                0x0080007a                PROVIDE (__bss_end, .)
                0x0000146c                __data_load_start = LOADADDR (.data)
                0x0000146c                __data_load_end = (__data_load_start + SIZEOF (.data))

.noinit         0x0080007a        0x0
                [!provide]                PROVIDE (__noinit_start, .)
 *(.noinit*)
                [!provide]                PROVIDE (__noinit_end, .)
                0x0080007a                _end = .
                [!provide]                PROVIDE (__heap_start, .)

.eeprom         0x00810000        0x0
 *(.eeprom*)
                0x00810000                __eeprom_end = .

.fuse
 *(.fuse)
 *(.lfuse)
 *(.hfuse)
 *(.efuse)

.lock
 *(.lock*)

.signature
 *(.signature*)

.user_signatures
 *(.user_signatures*)

.stab
 *(.stab)

.stabstr
 *(.stabstr)

.stab.excl
 *(.stab.excl)

.stab.exclstr
 *(.stab.exclstr)

.stab.index
 *(.stab.index)

.stab.indexstr
 *(.stab.indexstr)

.comment        0x00000000       0x30
 *(.comment)
 .comment       0x00000000       0x30 APPLICATION/APP.o
                                 0x31 (size before relaxing)
 .comment       0x00000030       0x31 HAL/EXTERNAL_INTERRUPT_MANAGER/EXTERNAL_INT_MANAGER.o
 .comment       0x00000030       0x31 HAL/LED/LED.o
 .comment       0x00000030       0x31 HAL/TIMER MANAGER/timer_manager.o
 .comment       0x00000030       0x31 main.o
 .comment       0x00000030       0x31 MCAL/DIO DRIVER/DIO.o
 .comment       0x00000030       0x31 MCAL/EXTERNAL INTERRUPT/EXTERNAL_INTERRUPT.o
 .comment       0x00000030       0x31 MCAL/TIMER/TIMER.o

.note.gnu.avr.deviceinfo
                0x00000000       0x3c
 .note.gnu.avr.deviceinfo
                0x00000000       0x3c C:/Program Files (x86)/Atmel/Studio/7.0/Packs/atmel/ATmega_DFP/1.7.374/gcc/dev/atmega32/avr5/crtatmega32.o

.note.gnu.build-id
 *(.note.gnu.build-id)

.debug
 *(.debug)

.line
 *(.line)

.debug_srcinfo
 *(.debug_srcinfo)

.debug_sfnames
 *(.debug_sfnames)

.debug_aranges  0x00000000      0x1e8
 *(.debug_aranges)
 .debug_aranges
                0x00000000       0x40 APPLICATION/APP.o
 .debug_aranges
                0x00000040       0x20 HAL/EXTERNAL_INTERRUPT_MANAGER/EXTERNAL_INT_MANAGER.o
 .debug_aranges
                0x00000060       0x30 HAL/LED/LED.o
 .debug_aranges
                0x00000090       0x30 HAL/TIMER MANAGER/timer_manager.o
 .debug_aranges
                0x000000c0       0x20 main.o
 .debug_aranges
                0x000000e0       0x30 MCAL/DIO DRIVER/DIO.o
 .debug_aranges
                0x00000110       0x58 MCAL/EXTERNAL INTERRUPT/EXTERNAL_INTERRUPT.o
 .debug_aranges
                0x00000168       0x80 MCAL/TIMER/TIMER.o

.debug_pubnames
 *(.debug_pubnames)

.debug_info     0x00000000     0x2954
 *(.debug_info .gnu.linkonce.wi.*)
 .debug_info    0x00000000      0x4e6 C:/Program Files (x86)/Atmel/Studio/7.0/Packs/atmel/ATmega_DFP/1.7.374/gcc/dev/atmega32/avr5/crtatmega32.o
 .debug_info    0x000004e6     0x14a5 APPLICATION/APP.o
 .debug_info    0x0000198b      0x1db HAL/EXTERNAL_INTERRUPT_MANAGER/EXTERNAL_INT_MANAGER.o
 .debug_info    0x00001b66      0x293 HAL/LED/LED.o
 .debug_info    0x00001df9      0x308 HAL/TIMER MANAGER/timer_manager.o
 .debug_info    0x00002101       0xb3 main.o
 .debug_info    0x000021b4      0x258 MCAL/DIO DRIVER/DIO.o
 .debug_info    0x0000240c      0x289 MCAL/EXTERNAL INTERRUPT/EXTERNAL_INTERRUPT.o
 .debug_info    0x00002695      0x2bf MCAL/TIMER/TIMER.o

.debug_abbrev   0x00000000      0xc39
 *(.debug_abbrev)
 .debug_abbrev  0x00000000      0x4a3 C:/Program Files (x86)/Atmel/Studio/7.0/Packs/atmel/ATmega_DFP/1.7.374/gcc/dev/atmega32/avr5/crtatmega32.o
 .debug_abbrev  0x000004a3      0x17c APPLICATION/APP.o
 .debug_abbrev  0x0000061f       0xd6 HAL/EXTERNAL_INTERRUPT_MANAGER/EXTERNAL_INT_MANAGER.o
 .debug_abbrev  0x000006f5      0x115 HAL/LED/LED.o
 .debug_abbrev  0x0000080a      0x114 HAL/TIMER MANAGER/timer_manager.o
 .debug_abbrev  0x0000091e       0x86 main.o
 .debug_abbrev  0x000009a4       0xb2 MCAL/DIO DRIVER/DIO.o
 .debug_abbrev  0x00000a56       0xd1 MCAL/EXTERNAL INTERRUPT/EXTERNAL_INTERRUPT.o
 .debug_abbrev  0x00000b27      0x112 MCAL/TIMER/TIMER.o

.debug_line     0x00000000     0x19b4
 *(.debug_line .debug_line.* .debug_line_end)
 .debug_line    0x00000000      0x116 C:/Program Files (x86)/Atmel/Studio/7.0/Packs/atmel/ATmega_DFP/1.7.374/gcc/dev/atmega32/avr5/crtatmega32.o
 .debug_line    0x00000116      0xc34 APPLICATION/APP.o
 .debug_line    0x00000d4a      0x183 HAL/EXTERNAL_INTERRUPT_MANAGER/EXTERNAL_INT_MANAGER.o
 .debug_line    0x00000ecd      0x107 HAL/LED/LED.o
 .debug_line    0x00000fd4      0x1a1 HAL/TIMER MANAGER/timer_manager.o
 .debug_line    0x00001175       0xb8 main.o
 .debug_line    0x0000122d      0x265 MCAL/DIO DRIVER/DIO.o
 .debug_line    0x00001492      0x294 MCAL/EXTERNAL INTERRUPT/EXTERNAL_INTERRUPT.o
 .debug_line    0x00001726      0x28e MCAL/TIMER/TIMER.o

.debug_frame    0x00000000      0x490
 *(.debug_frame)
 .debug_frame   0x00000000       0x80 APPLICATION/APP.o
 .debug_frame   0x00000080       0x30 HAL/EXTERNAL_INTERRUPT_MANAGER/EXTERNAL_INT_MANAGER.o
 .debug_frame   0x000000b0       0x44 HAL/LED/LED.o
 .debug_frame   0x000000f4       0x54 HAL/TIMER MANAGER/timer_manager.o
 .debug_frame   0x00000148       0x24 main.o
 .debug_frame   0x0000016c       0x44 MCAL/DIO DRIVER/DIO.o
 .debug_frame   0x000001b0      0x16c MCAL/EXTERNAL INTERRUPT/EXTERNAL_INTERRUPT.o
 .debug_frame   0x0000031c      0x174 MCAL/TIMER/TIMER.o

.debug_str      0x00000000      0x871
 *(.debug_str)
 .debug_str     0x00000000      0x196 C:/Program Files (x86)/Atmel/Studio/7.0/Packs/atmel/ATmega_DFP/1.7.374/gcc/dev/atmega32/avr5/crtatmega32.o
 .debug_str     0x00000196      0x3a5 APPLICATION/APP.o
                                0x3df (size before relaxing)
 .debug_str     0x0000053b       0xa2 HAL/EXTERNAL_INTERRUPT_MANAGER/EXTERNAL_INT_MANAGER.o
                                0x262 (size before relaxing)
 .debug_str     0x000005dd       0x52 HAL/LED/LED.o
                                0x1fe (size before relaxing)
 .debug_str     0x0000062f      0x10b HAL/TIMER MANAGER/timer_manager.o
                                0x2f3 (size before relaxing)
 .debug_str     0x0000073a       0x11 main.o
                                0x158 (size before relaxing)
 .debug_str     0x0000074b       0x30 MCAL/DIO DRIVER/DIO.o
                                0x219 (size before relaxing)
 .debug_str     0x0000077b       0x9b MCAL/EXTERNAL INTERRUPT/EXTERNAL_INTERRUPT.o
                                0x27d (size before relaxing)
 .debug_str     0x00000816       0x5b MCAL/TIMER/TIMER.o
                                0x29d (size before relaxing)

.debug_loc      0x00000000      0xfb6
 *(.debug_loc)
 .debug_loc     0x00000000       0x8b APPLICATION/APP.o
 .debug_loc     0x0000008b       0xb2 HAL/EXTERNAL_INTERRUPT_MANAGER/EXTERNAL_INT_MANAGER.o
 .debug_loc     0x0000013d       0xf7 HAL/LED/LED.o
 .debug_loc     0x00000234       0xf0 HAL/TIMER MANAGER/timer_manager.o
 .debug_loc     0x00000324      0x37c MCAL/DIO DRIVER/DIO.o
 .debug_loc     0x000006a0      0x539 MCAL/EXTERNAL INTERRUPT/EXTERNAL_INTERRUPT.o
 .debug_loc     0x00000bd9      0x3dd MCAL/TIMER/TIMER.o

.debug_macinfo
 *(.debug_macinfo)

.debug_weaknames
 *(.debug_weaknames)

.debug_funcnames
 *(.debug_funcnames)

.debug_typenames
 *(.debug_typenames)

.debug_varnames
 *(.debug_varnames)

.debug_pubtypes
 *(.debug_pubtypes)

.debug_ranges   0x00000000      0x168
 *(.debug_ranges)
 .debug_ranges  0x00000000       0x30 APPLICATION/APP.o
 .debug_ranges  0x00000030       0x10 HAL/EXTERNAL_INTERRUPT_MANAGER/EXTERNAL_INT_MANAGER.o
 .debug_ranges  0x00000040       0x20 HAL/LED/LED.o
 .debug_ranges  0x00000060       0x20 HAL/TIMER MANAGER/timer_manager.o
 .debug_ranges  0x00000080       0x10 main.o
 .debug_ranges  0x00000090       0x20 MCAL/DIO DRIVER/DIO.o
 .debug_ranges  0x000000b0       0x48 MCAL/EXTERNAL INTERRUPT/EXTERNAL_INTERRUPT.o
 .debug_ranges  0x000000f8       0x70 MCAL/TIMER/TIMER.o

.debug_macro
 *(.debug_macro)
OUTPUT(Led Sequence v3.0.elf elf32-avr)
LOAD linker stubs
